Id:       0
Winner:    5135
Target:    1000
Solution:  07871333 (validated)
Votes:    0/0
Wallets:  5135:0
------------------------------
Id:       1
Winner:    5135
Target:    7871333
Solution:  05783163 (validated)
Votes:    1/1
Wallets:  5135:1
------------------------------
Id:       2
Winner:    5135
Target:    5783163
Solution:  09078042 (validated)
Votes:    2/2
Wallets:  5135:2
------------------------------
Id:       3
Winner:    5135
Target:    9078042
Solution:  09677760 (validated)
Votes:    3/3
Wallets:  5135:3
------------------------------
Id:       4
Winner:    5135
Target:    9677760
Solution:  05618253 (validated)
Votes:    4/4
Wallets:  5135:4
------------------------------
Id:       5
Winner:    5135
Target:    5618253
Solution:  06085337 (validated)
Votes:    5/5
Wallets:  5135:5
------------------------------
Id:       6
Winner:    5135
Target:    6085337
Solution:  00729507 (validated)
Votes:    6/6
Wallets:  5135:6
------------------------------
Id:       7
Winner:    5135
Target:    729507
Solution:  09826851 (validated)
Votes:    7/7
Wallets:  5135:7
------------------------------
Id:       8
Winner:    5135
Target:    9826851
Solution:  06289605 (validated)
Votes:    8/8
Wallets:  5135:8
------------------------------
Id:       9
Winner:    5135
Target:    6289605
Solution:  07094269 (validated)
Votes:    9/9
Wallets:  5135:9
------------------------------
